AegisDashboard.tsx(736,1): error TS1128: Declaration or statement expected.
Hack-A-War-main/HACKAWAR-BACKREP-main/AegisDashboard.tsx(736,1): error TS1128: Declaration or statement expected.
Hack-A-War-main/HACKAWAR-BACKREP-main/HACKAWAR-BACKREP-main/AegisDashboard.tsx(736,1): error TS1128: Declaration or statement expected.
